
Running 98 tests using 1 worker

(node:152079) Warning: The 'NO_COLOR' env is ignored due to the 'FORCE_COLOR' env being set.
(Use `node --trace-warnings ...` to show where the warning was created)
  ✓   1 [desktop] › tests/browser/android-demo-transport.spec.cjs:3:1 › Android strategy transfers bytes and batches comparisons when worker fetch is unavailable (2.0s)
  ✓   2 [desktop] › tests/browser/app.spec.cjs:4:1 › local C++ calculation and accessible responsive layout (945ms)
  ✓   3 [desktop] › tests/browser/app.spec.cjs:14:1 › selected topic is not silently overridden; matrix rank cases (526ms)
  ✓   4 [desktop] › tests/browser/app.spec.cjs:21:1 › K-map renders a raster-free native table, RK4 renders canvas (571ms)
  ✓   5 [desktop] › tests/browser/app.spec.cjs:28:1 › offline cold reload still solves without API or network (1.3s)
  ✓   6 [desktop] › tests/browser/app.spec.cjs:35:1 › history survives reload and can be cleared; no stored markup injection (880ms)
  ✓   7 [desktop] › tests/browser/app.spec.cjs:44:1 › catalog search, keyboard submit, JSON export (589ms)
  ✓   8 [desktop] › tests/browser/app.spec.cjs:50:1 › bounded input failure leaves engine available for next solve (496ms)
  ✓   9 [desktop] › tests/browser/app.spec.cjs:54:1 › all 55 C++ catalog examples solve in WebAssembly (421ms)
  ✓  10 [desktop] › tests/browser/boundaries.spec.cjs:2:1 › maximum-size supported matrix, ODE, polynomial and expression through the UI (1.4s)
  ✓  11 [desktop] › tests/browser/demo-bank-coverage.spec.cjs:3:1 › every manifest bank loads in the real worker, including digit-bearing RK4 (2.4s)
  ✓  12 [desktop] › tests/browser/demo-button-layout.spec.cjs:2:1 › demo action labels do not collapse into vertical strips near phone breakpoints (774ms)
  ✓  13 [desktop] › tests/browser/download-service-worker.spec.cjs:3:1 › prepared service worker bypasses installer navigation and never caches installers (1.6s)
  ✓  14 [desktop] › tests/browser/engine-version.spec.cjs:4:67 › visual labs bypass stale solver-worker.js and solve after offline restart (1.6s)
  ✓  15 [desktop] › tests/browser/engine-version.spec.cjs:4:67 › visual labs bypass stale engine.js and solve after offline restart (1.6s)
  ✓  16 [desktop] › tests/browser/engine-version.spec.cjs:4:67 › visual labs bypass stale engine.wasm and solve after offline restart (1.7s)
  ✓  17 [desktop] › tests/browser/engine-version.spec.cjs:50:1 › legacy worker capability is rejected at startup and repair retains history (2.3s)
  ✓  18 [desktop] › tests/browser/entered-values.spec.cjs:3:1 › entered circuit, signal and transition-table values match independent answers online and offline (2.7s)
  ✓  19 [desktop] › tests/browser/lab-endurance.spec.cjs:3:1 › complete 5000-case UI run exports every comparison while yielding to the interface (1.8s)
  ✓  20 [desktop] › tests/browser/lab-endurance.spec.cjs:11:1 › maximum FFT uses bounded output rows and remains usable after a rejected request (2.0s)
  ✓  21 [desktop] › tests/browser/labs.spec.cjs:5:1 › guided matrix cells serialize and solve, with safe dimension changes (537ms)
  ✓  22 [desktop] › tests/browser/labs.spec.cjs:10:1 › clickable K-map supports six variables, X cells, Gray panels and a checked solution (1.2s)
  ✓  23 [desktop] › tests/browser/labs.spec.cjs:17:1 › circuit drawing solves AC, restores undo and produces PNG download (1.4s)
  ✓  24 [desktop] › tests/browser/labs.spec.cjs:23:1 › signals operations run through the actual controls and reject invalid input (914ms)
  ✓  25 [desktop] › tests/browser/labs.spec.cjs:29:1 › transition-table UI generates a state diagram, equations and 101 detector trace (491ms)
  ✓  26 [desktop] › tests/browser/labs.spec.cjs:33:1 › preloaded demos work offline, compare stored answers, calibrate, page and cancel (1.7s)
  ✓  27 [desktop] › tests/browser/labs.spec.cjs:39:1 › every C++ signals form solves its preset and rejects a missing numeric field (2.4s)
  ✓  28 [desktop] › tests/browser/labs.spec.cjs:44:1 › network study controls solve equivalents, superposition, sensitivity and sweeps (1.2s)
  ✓  29 [desktop] › tests/browser/labs.spec.cjs:50:1 › lab switching retains edited signal and circuit input (594ms)
  ✓  30 [desktop] › tests/browser/labs.spec.cjs:53:1 › guided values and keyboard K-map focus survive closing and reopening (634ms)
  ✓  31 [desktop] › tests/browser/labs.spec.cjs:57:1 › update drafts restore edited signal fields, circuit text and manual map state (983ms)
  ✓  32 [desktop] › tests/browser/labs.spec.cjs:61:1 › new editors contain tables on narrow screens and keep labels separate (1.2s)
  ✓  33 [desktop] › tests/browser/labs.spec.cjs:65:1 › manual K-map exports replay the same groups and blank circuit coordinates are rejected (984ms)
  ✓  34 [desktop] › tests/browser/natural-input.spec.cjs:2:1 › human question corrects a wrong type and preserves the original text (478ms)
  ✓  35 [desktop] › tests/browser/natural-input.spec.cjs:14:1 › manual mode stays explicit, then automatic interpretation can recover (487ms)
  ✓  36 [desktop] › tests/browser/natural-input.spec.cjs:20:1 › natural input works offline and ambiguity is visible without an invented answer (1.7s)
  ✓  37 [desktop] › tests/browser/offline-cdn-version.spec.cjs:5:1 › fresh installation bypasses stale CDN worker, manifest and demo cache keys (1.7s)
  ✓  38 [desktop] › tests/browser/offline-repair.spec.cjs:2:33 › repair reuses verified assets from a previous cache without network (1.5s)
  ✓  39 [desktop] › tests/browser/offline-repair.spec.cjs:2:33 › repair rejects corrupt assets from a previous cache without network (1.6s)
  ✓  40 [desktop] › tests/browser/offline-repair.spec.cjs:13:1 › readiness button repairs a missing cached solver before an offline revisit (1.5s)
  ✓  41 [desktop] › tests/browser/offline-repair.spec.cjs:22:1 › readiness retry registers again after an offline registration was removed (1.4s)
  ✓  42 [desktop] › tests/browser/offline-repair.spec.cjs:29:1 › explicit repair replaces corrupt cached content, not just missing files (1.3s)
  ✓  43 [desktop] › tests/browser/offline-repair.spec.cjs:35:1 › offline rasters are reconstructed exactly even when the CDN image URL changes bytes (1.5s)
  ✓  44 [desktop] › tests/browser/ui-stress.spec.cjs:10:1 › every catalog topic through actual dropdowns, example and solve buttons (7.7s)
  ✓  45 [desktop] › tests/browser/ui-stress.spec.cjs:24:1 › spacing and touch targets across phone, landscape, tablet and desktop views (2.8s)
  ✓  46 [desktop] › tests/browser/ui-stress.spec.cjs:61:1 › trajectory labels retain CSS size after phone resize and hidden-view navigation (742ms)
  ✓  47 [desktop] › tests/browser/ui-stress.spec.cjs:77:1 › copy, save, print, identify, empty input, navigation and install feedback (1.6s)
  ✓  48 [desktop] › tests/browser/ui-stress.spec.cjs:100:1 › UI endurance with independent expected answers, failures, offline reload and bounded history (3.0s)
  ✓  49 [desktop] › tests/browser/update-in-progress.spec.cjs:4:1 › an update already installing at page startup exposes the real update button (3.0s)
(node:154490) Warning: The 'NO_COLOR' env is ignored due to the 'FORCE_COLOR' env being set.
(Use `node --trace-warnings ...` to show where the warning was created)
  ✓  50 [android-layout] › tests/browser/android-demo-transport.spec.cjs:3:1 › Android strategy transfers bytes and batches comparisons when worker fetch is unavailable (2.0s)
  ✓  51 [android-layout] › tests/browser/app.spec.cjs:4:1 › local C++ calculation and accessible responsive layout (588ms)
  ✓  52 [android-layout] › tests/browser/app.spec.cjs:14:1 › selected topic is not silently overridden; matrix rank cases (552ms)
  ✓  53 [android-layout] › tests/browser/app.spec.cjs:21:1 › K-map renders a raster-free native table, RK4 renders canvas (563ms)
  ✓  54 [android-layout] › tests/browser/app.spec.cjs:28:1 › offline cold reload still solves without API or network (1.5s)
  ✓  55 [android-layout] › tests/browser/app.spec.cjs:35:1 › history survives reload and can be cleared; no stored markup injection (814ms)
  ✓  56 [android-layout] › tests/browser/app.spec.cjs:44:1 › catalog search, keyboard submit, JSON export (418ms)
  ✓  57 [android-layout] › tests/browser/app.spec.cjs:50:1 › bounded input failure leaves engine available for next solve (522ms)
  ✓  58 [android-layout] › tests/browser/app.spec.cjs:54:1 › all 55 C++ catalog examples solve in WebAssembly (330ms)
  ✓  59 [android-layout] › tests/browser/boundaries.spec.cjs:2:1 › maximum-size supported matrix, ODE, polynomial and expression through the UI (1.5s)
  ✓  60 [android-layout] › tests/browser/demo-bank-coverage.spec.cjs:3:1 › every manifest bank loads in the real worker, including digit-bearing RK4 (3.0s)
  ✓  61 [android-layout] › tests/browser/demo-button-layout.spec.cjs:2:1 › demo action labels do not collapse into vertical strips near phone breakpoints (823ms)
  ✓  62 [android-layout] › tests/browser/download-service-worker.spec.cjs:3:1 › prepared service worker bypasses installer navigation and never caches installers (1.3s)
  ✓  63 [android-layout] › tests/browser/engine-version.spec.cjs:4:67 › visual labs bypass stale solver-worker.js and solve after offline restart (1.7s)
  ✓  64 [android-layout] › tests/browser/engine-version.spec.cjs:4:67 › visual labs bypass stale engine.js and solve after offline restart (1.7s)
  ✓  65 [android-layout] › tests/browser/engine-version.spec.cjs:4:67 › visual labs bypass stale engine.wasm and solve after offline restart (1.9s)
  ✓  66 [android-layout] › tests/browser/engine-version.spec.cjs:50:1 › legacy worker capability is rejected at startup and repair retains history (1.5s)
  ✓  67 [android-layout] › tests/browser/entered-values.spec.cjs:3:1 › entered circuit, signal and transition-table values match independent answers online and offline (3.3s)
  ✓  68 [android-layout] › tests/browser/lab-endurance.spec.cjs:3:1 › complete 5000-case UI run exports every comparison while yielding to the interface (2.4s)
  ✓  69 [android-layout] › tests/browser/lab-endurance.spec.cjs:11:1 › maximum FFT uses bounded output rows and remains usable after a rejected request (1.6s)
  ✓  70 [android-layout] › tests/browser/labs.spec.cjs:5:1 › guided matrix cells serialize and solve, with safe dimension changes (1.2s)
  ✓  71 [android-layout] › tests/browser/labs.spec.cjs:10:1 › clickable K-map supports six variables, X cells, Gray panels and a checked solution (1.1s)
  ✓  72 [android-layout] › tests/browser/labs.spec.cjs:17:1 › circuit drawing solves AC, restores undo and produces PNG download (1.4s)
  ✓  73 [android-layout] › tests/browser/labs.spec.cjs:23:1 › signals operations run through the actual controls and reject invalid input (846ms)
  ✓  74 [android-layout] › tests/browser/labs.spec.cjs:29:1 › transition-table UI generates a state diagram, equations and 101 detector trace (452ms)
  ✓  75 [android-layout] › tests/browser/labs.spec.cjs:33:1 › preloaded demos work offline, compare stored answers, calibrate, page and cancel (2.5s)
  ✓  76 [android-layout] › tests/browser/labs.spec.cjs:39:1 › every C++ signals form solves its preset and rejects a missing numeric field (4.0s)
  ✓  77 [android-layout] › tests/browser/labs.spec.cjs:44:1 › network study controls solve equivalents, superposition, sensitivity and sweeps (1.4s)
  ✓  78 [android-layout] › tests/browser/labs.spec.cjs:50:1 › lab switching retains edited signal and circuit input (575ms)
  ✓  79 [android-layout] › tests/browser/labs.spec.cjs:53:1 › guided values and keyboard K-map focus survive closing and reopening (602ms)
  ✓  80 [android-layout] › tests/browser/labs.spec.cjs:57:1 › update drafts restore edited signal fields, circuit text and manual map state (1.7s)
  ✓  81 [android-layout] › tests/browser/labs.spec.cjs:61:1 › new editors contain tables on narrow screens and keep labels separate (1.1s)
  ✓  82 [android-layout] › tests/browser/labs.spec.cjs:65:1 › manual K-map exports replay the same groups and blank circuit coordinates are rejected (1.0s)
  ✓  83 [android-layout] › tests/browser/natural-input.spec.cjs:2:1 › human question corrects a wrong type and preserves the original text (604ms)
  ✓  84 [android-layout] › tests/browser/natural-input.spec.cjs:14:1 › manual mode stays explicit, then automatic interpretation can recover (669ms)
  ✓  85 [android-layout] › tests/browser/natural-input.spec.cjs:20:1 › natural input works offline and ambiguity is visible without an invented answer (1.6s)
  ✓  86 [android-layout] › tests/browser/offline-cdn-version.spec.cjs:5:1 › fresh installation bypasses stale CDN worker, manifest and demo cache keys (2.6s)
  ✓  87 [android-layout] › tests/browser/offline-repair.spec.cjs:2:33 › repair reuses verified assets from a previous cache without network (2.2s)
  ✓  88 [android-layout] › tests/browser/offline-repair.spec.cjs:2:33 › repair rejects corrupt assets from a previous cache without network (1.2s)
  ✓  89 [android-layout] › tests/browser/offline-repair.spec.cjs:13:1 › readiness button repairs a missing cached solver before an offline revisit (1.7s)
  ✓  90 [android-layout] › tests/browser/offline-repair.spec.cjs:22:1 › readiness retry registers again after an offline registration was removed (1.7s)
  ✓  91 [android-layout] › tests/browser/offline-repair.spec.cjs:29:1 › explicit repair replaces corrupt cached content, not just missing files (1.4s)
  ✓  92 [android-layout] › tests/browser/offline-repair.spec.cjs:35:1 › offline rasters are reconstructed exactly even when the CDN image URL changes bytes (1.7s)
  ✓  93 [android-layout] › tests/browser/ui-stress.spec.cjs:10:1 › every catalog topic through actual dropdowns, example and solve buttons (14.7s)
  ✓  94 [android-layout] › tests/browser/ui-stress.spec.cjs:24:1 › spacing and touch targets across phone, landscape, tablet and desktop views (1.5s)
  ✓  95 [android-layout] › tests/browser/ui-stress.spec.cjs:61:1 › trajectory labels retain CSS size after phone resize and hidden-view navigation (1.7s)
  ✓  96 [android-layout] › tests/browser/ui-stress.spec.cjs:77:1 › copy, save, print, identify, empty input, navigation and install feedback (3.0s)
  ✓  97 [android-layout] › tests/browser/ui-stress.spec.cjs:100:1 › UI endurance with independent expected answers, failures, offline reload and bounded history (7.4s)
  ✓  98 [android-layout] › tests/browser/update-in-progress.spec.cjs:4:1 › an update already installing at page startup exposes the real update button (2.8s)

  98 passed (2.9m)
