
Running 22 tests using 1 worker

(node:148554) Warning: The 'NO_COLOR' env is ignored due to the 'FORCE_COLOR' env being set.
(Use `node --trace-warnings ...` to show where the warning was created)
  ✓   1 [desktop] › tests/browser/engine-version.spec.cjs:4:67 › visual labs bypass stale solver-worker.js and solve after offline restart (2.2s)
  ✓   2 [desktop] › tests/browser/engine-version.spec.cjs:4:67 › visual labs bypass stale engine.js and solve after offline restart (1.6s)
  ✓   3 [desktop] › tests/browser/engine-version.spec.cjs:4:67 › visual labs bypass stale engine.wasm and solve after offline restart (1.7s)
  ✓   4 [desktop] › tests/browser/engine-version.spec.cjs:50:1 › legacy worker capability is rejected at startup and repair retains history (3.0s)
  ✓   5 [desktop] › tests/browser/offline-repair.spec.cjs:2:33 › repair reuses verified assets from a previous cache without network (2.2s)
  ✓   6 [desktop] › tests/browser/offline-repair.spec.cjs:2:33 › repair rejects corrupt assets from a previous cache without network (1.6s)
  ✓   7 [desktop] › tests/browser/offline-repair.spec.cjs:13:1 › readiness button repairs a missing cached solver before an offline revisit (1.6s)
  ✓   8 [desktop] › tests/browser/offline-repair.spec.cjs:22:1 › readiness retry registers again after an offline registration was removed (1.6s)
  ✓   9 [desktop] › tests/browser/offline-repair.spec.cjs:29:1 › explicit repair replaces corrupt cached content, not just missing files (1.6s)
  ✓  10 [desktop] › tests/browser/offline-repair.spec.cjs:35:1 › offline rasters are reconstructed exactly even when the CDN image URL changes bytes (1.5s)
  ✘  11 [desktop] › tests/browser/update-in-progress.spec.cjs:4:1 › an update already installing at page startup exposes the real update button (3.2s)
(node:149237) Warning: The 'NO_COLOR' env is ignored due to the 'FORCE_COLOR' env being set.
(Use `node --trace-warnings ...` to show where the warning was created)
  ✓  12 [android-layout] › tests/browser/engine-version.spec.cjs:4:67 › visual labs bypass stale solver-worker.js and solve after offline restart (1.9s)
  ✓  13 [android-layout] › tests/browser/engine-version.spec.cjs:4:67 › visual labs bypass stale engine.js and solve after offline restart (2.2s)
  ✓  14 [android-layout] › tests/browser/engine-version.spec.cjs:4:67 › visual labs bypass stale engine.wasm and solve after offline restart (2.2s)
  ✓  15 [android-layout] › tests/browser/engine-version.spec.cjs:50:1 › legacy worker capability is rejected at startup and repair retains history (3.6s)
  ✓  16 [android-layout] › tests/browser/offline-repair.spec.cjs:2:33 › repair reuses verified assets from a previous cache without network (1.6s)
  ✓  17 [android-layout] › tests/browser/offline-repair.spec.cjs:2:33 › repair rejects corrupt assets from a previous cache without network (1.5s)
  ✓  18 [android-layout] › tests/browser/offline-repair.spec.cjs:13:1 › readiness button repairs a missing cached solver before an offline revisit (1.5s)
  ✓  19 [android-layout] › tests/browser/offline-repair.spec.cjs:22:1 › readiness retry registers again after an offline registration was removed (1.5s)
  ✓  20 [android-layout] › tests/browser/offline-repair.spec.cjs:29:1 › explicit repair replaces corrupt cached content, not just missing files (1.5s)
  ✓  21 [android-layout] › tests/browser/offline-repair.spec.cjs:35:1 › offline rasters are reconstructed exactly even when the CDN image URL changes bytes (1.1s)
  ✓  22 [android-layout] › tests/browser/update-in-progress.spec.cjs:4:1 › an update already installing at page startup exposes the real update button (3.3s)


  1) [desktop] › tests/browser/update-in-progress.spec.cjs:4:1 › an update already installing at page startup exposes the real update button 

    Error: page.evaluate: Execution context was destroyed, most likely because of a navigation

      32 |     await page.locator('.nav[data-view=downloads]').click();await page.locator('#update-offline').click();
      33 |     await expect(page.locator('#input')).toHaveValue('17+29');
    > 34 |     expect(await page.evaluate(()=>JSON.parse(localStorage.getItem('pocket-engineer.history.v3')).some(r=>r.input==='23+19'))).toBe(true);
         |                       ^
      35 |     await context.setOffline(true);await page.locator('.nav[data-view=workbench]').click();await page.locator('#solve').click();await expect(page.locator('#answer')).toHaveText('46');
      36 |   }finally{server.closeAllConnections();await new Promise(resolve=>server.close(resolve));}
      37 | });
        at /home/zaruka/PocketEngineer/tests/browser/update-in-progress.spec.cjs:34:23

    Error Context: test-results/update-in-progress-an-upda-4d4bf-oses-the-real-update-button-desktop/error-context.md

    attachment #2: trace (application/zip) ─────────────────────────────────────────────────────────
    test-results/update-in-progress-an-upda-4d4bf-oses-the-real-update-button-desktop/trace.zip
    Usage:

        npx playwright show-trace test-results/update-in-progress-an-upda-4d4bf-oses-the-real-update-button-desktop/trace.zip

    ────────────────────────────────────────────────────────────────────────────────────────────────

  1 failed
    [desktop] › tests/browser/update-in-progress.spec.cjs:4:1 › an update already installing at page startup exposes the real update button 
  21 passed (48.5s)
