
Running 22 tests using 1 worker

(node:272829) Warning: The 'NO_COLOR' env is ignored due to the 'FORCE_COLOR' env being set.
(Use `node --trace-warnings ...` to show where the warning was created)
  ✓   1 [desktop] › tests/browser/entered-values.spec.cjs:5:1 › entered circuit, signal and transition-table values match independent answers online and offline (45.0s)
  ✓   2 [desktop] › tests/browser/progressive-ui.spec.cjs:4:1 › one workspace, neutral demos, correct selection and browser Back retain the question (6.1s)
  ✓   3 [desktop] › tests/browser/progressive-ui.spec.cjs:11:1 › natural input needs no type selection and advanced controls are disclosed explicitly (832ms)
  ✓   4 [desktop] › tests/browser/progressive-ui.spec.cjs:16:1 › guided matrix solves directly without exposing serialized text (643ms)
  ✓   5 [desktop] › tests/browser/progressive-ui.spec.cjs:21:1 › circuit flow exposes only the analysis fields that apply (833ms)
  ✓   6 [desktop] › tests/browser/progressive-ui.spec.cjs:28:1 › signals retain edited operations and advanced sample rates are explicit (1.1s)
  ✓   7 [desktop] › tests/browser/progressive-ui.spec.cjs:35:1 › state setup, transitions and optional simulation remain in the same workspace (924ms)
  ✓   8 [desktop] › tests/browser/progressive-ui.spec.cjs:40:1 › conditional transform fields do not ask for irrelevant values (1.3s)
  ✓   9 [desktop] › tests/browser/progressive-ui.spec.cjs:45:1 › update drafts keep the active input stage and do not jump from questions to a previous tool (1.2s)
  ✓  10 [desktop] › tests/browser/progressive-ui.spec.cjs:51:1 › offline deep links, tool results and guided history preserve context (7.4s)
  ✓  11 [desktop] › tests/browser/progressive-ui.spec.cjs:58:1 › both stages fit small screens and keyboard navigation opens only the requested stage (3.3s)
(node:275062) Warning: The 'NO_COLOR' env is ignored due to the 'FORCE_COLOR' env being set.
(Use `node --trace-warnings ...` to show where the warning was created)
  ✓  12 [android-layout] › tests/browser/entered-values.spec.cjs:5:1 › entered circuit, signal and transition-table values match independent answers online and offline (10.2s)
  ✓  13 [android-layout] › tests/browser/progressive-ui.spec.cjs:4:1 › one workspace, neutral demos, correct selection and browser Back retain the question (1.4s)
  ✓  14 [android-layout] › tests/browser/progressive-ui.spec.cjs:11:1 › natural input needs no type selection and advanced controls are disclosed explicitly (727ms)
  ✓  15 [android-layout] › tests/browser/progressive-ui.spec.cjs:16:1 › guided matrix solves directly without exposing serialized text (1.5s)
  ✓  16 [android-layout] › tests/browser/progressive-ui.spec.cjs:21:1 › circuit flow exposes only the analysis fields that apply (889ms)
  ✓  17 [android-layout] › tests/browser/progressive-ui.spec.cjs:28:1 › signals retain edited operations and advanced sample rates are explicit (1.4s)
  ✓  18 [android-layout] › tests/browser/progressive-ui.spec.cjs:35:1 › state setup, transitions and optional simulation remain in the same workspace (867ms)
  ✓  19 [android-layout] › tests/browser/progressive-ui.spec.cjs:40:1 › conditional transform fields do not ask for irrelevant values (804ms)
  ✓  20 [android-layout] › tests/browser/progressive-ui.spec.cjs:45:1 › update drafts keep the active input stage and do not jump from questions to a previous tool (1.2s)
  ✓  21 [android-layout] › tests/browser/progressive-ui.spec.cjs:51:1 › offline deep links, tool results and guided history preserve context (7.4s)
  ✓  22 [android-layout] › tests/browser/progressive-ui.spec.cjs:58:1 › both stages fit small screens and keyboard navigation opens only the requested stage (2.6s)

  22 passed (1.7m)
