
Running 34 tests using 1 worker

(node:257710) Warning: The 'NO_COLOR' env is ignored due to the 'FORCE_COLOR' env being set.
(Use `node --trace-warnings ...` to show where the warning was created)
  ✓   1 [desktop] › tests/browser/demo-button-layout.spec.cjs:3:1 › demo action labels do not collapse into vertical strips near phone breakpoints (2.3s)
  ✓   2 [desktop] › tests/browser/offline-repair.spec.cjs:3:33 › repair reuses verified assets from a previous cache without network (2.3s)
  ✓   3 [desktop] › tests/browser/offline-repair.spec.cjs:3:33 › repair rejects corrupt assets from a previous cache without network (1.3s)
  ✓   4 [desktop] › tests/browser/offline-repair.spec.cjs:14:1 › readiness button repairs a missing cached solver before an offline revisit (3.5s)
  ✓   5 [desktop] › tests/browser/offline-repair.spec.cjs:23:1 › readiness retry registers again after an offline registration was removed (1.6s)
  ✓   6 [desktop] › tests/browser/offline-repair.spec.cjs:30:1 › explicit repair replaces corrupt cached content, not just missing files (1.6s)
  ✓   7 [desktop] › tests/browser/offline-repair.spec.cjs:36:1 › offline rasters are reconstructed exactly even when the CDN image URL changes bytes (1.2s)
  ✓   8 [desktop] › tests/browser/progressive-ui.spec.cjs:4:1 › one workspace, neutral demos, correct selection and browser Back retain the question (565ms)
  ✓   9 [desktop] › tests/browser/progressive-ui.spec.cjs:11:1 › natural input needs no type selection and advanced controls are disclosed explicitly (547ms)
  ✓  10 [desktop] › tests/browser/progressive-ui.spec.cjs:16:1 › guided matrix solves directly without exposing serialized text (634ms)
  ✓  11 [desktop] › tests/browser/progressive-ui.spec.cjs:21:1 › circuit flow exposes only the analysis fields that apply (762ms)
  ✓  12 [desktop] › tests/browser/progressive-ui.spec.cjs:28:1 › signals retain edited operations and advanced sample rates are explicit (980ms)
  ✓  13 [desktop] › tests/browser/progressive-ui.spec.cjs:35:1 › state setup, transitions and optional simulation remain in the same workspace (716ms)
  ✓  14 [desktop] › tests/browser/progressive-ui.spec.cjs:40:1 › conditional transform fields do not ask for irrelevant values (496ms)
  ✓  15 [desktop] › tests/browser/progressive-ui.spec.cjs:43:1 › update drafts keep the active input stage and do not jump from questions to a previous tool (869ms)
  ✓  16 [desktop] › tests/browser/progressive-ui.spec.cjs:49:1 › offline deep links, tool results and guided history preserve context (1.8s)
  ✓  17 [desktop] › tests/browser/progressive-ui.spec.cjs:56:1 › both stages fit small screens and keyboard navigation opens only the requested stage (1.8s)
(node:259271) Warning: The 'NO_COLOR' env is ignored due to the 'FORCE_COLOR' env being set.
(Use `node --trace-warnings ...` to show where the warning was created)
  ✓  18 [android-layout] › tests/browser/demo-button-layout.spec.cjs:3:1 › demo action labels do not collapse into vertical strips near phone breakpoints (1.3s)
  ✓  19 [android-layout] › tests/browser/offline-repair.spec.cjs:3:33 › repair reuses verified assets from a previous cache without network (1.7s)
  ✓  20 [android-layout] › tests/browser/offline-repair.spec.cjs:3:33 › repair rejects corrupt assets from a previous cache without network (1.3s)
  ✓  21 [android-layout] › tests/browser/offline-repair.spec.cjs:14:1 › readiness button repairs a missing cached solver before an offline revisit (3.4s)
  ✓  22 [android-layout] › tests/browser/offline-repair.spec.cjs:23:1 › readiness retry registers again after an offline registration was removed (1.6s)
  ✓  23 [android-layout] › tests/browser/offline-repair.spec.cjs:30:1 › explicit repair replaces corrupt cached content, not just missing files (1.5s)
  ✓  24 [android-layout] › tests/browser/offline-repair.spec.cjs:36:1 › offline rasters are reconstructed exactly even when the CDN image URL changes bytes (1.2s)
  ✓  25 [android-layout] › tests/browser/progressive-ui.spec.cjs:4:1 › one workspace, neutral demos, correct selection and browser Back retain the question (535ms)
  ✓  26 [android-layout] › tests/browser/progressive-ui.spec.cjs:11:1 › natural input needs no type selection and advanced controls are disclosed explicitly (527ms)
  ✓  27 [android-layout] › tests/browser/progressive-ui.spec.cjs:16:1 › guided matrix solves directly without exposing serialized text (607ms)
  ✓  28 [android-layout] › tests/browser/progressive-ui.spec.cjs:21:1 › circuit flow exposes only the analysis fields that apply (693ms)
  ✓  29 [android-layout] › tests/browser/progressive-ui.spec.cjs:28:1 › signals retain edited operations and advanced sample rates are explicit (1.1s)
  ✓  30 [android-layout] › tests/browser/progressive-ui.spec.cjs:35:1 › state setup, transitions and optional simulation remain in the same workspace (754ms)
  ✓  31 [android-layout] › tests/browser/progressive-ui.spec.cjs:40:1 › conditional transform fields do not ask for irrelevant values (437ms)
  ✓  32 [android-layout] › tests/browser/progressive-ui.spec.cjs:43:1 › update drafts keep the active input stage and do not jump from questions to a previous tool (808ms)
  ✓  33 [android-layout] › tests/browser/progressive-ui.spec.cjs:49:1 › offline deep links, tool results and guided history preserve context (2.0s)
  ✓  34 [android-layout] › tests/browser/progressive-ui.spec.cjs:56:1 › both stages fit small screens and keyboard navigation opens only the requested stage (1.8s)

  34 passed (46.6s)
