
Running 80 tests using 1 worker

(node:119287) Warning: The 'NO_COLOR' env is ignored due to the 'FORCE_COLOR' env being set.
(Use `node --trace-warnings ...` to show where the warning was created)
  ✓   1 [desktop] › tests/browser/android-demo-transport.spec.cjs:3:1 › Android strategy transfers bytes and batches comparisons when worker fetch is unavailable (2.1s)
  ✓   2 [desktop] › tests/browser/app.spec.cjs:4:1 › local C++ calculation and accessible responsive layout (888ms)
  ✓   3 [desktop] › tests/browser/app.spec.cjs:14:1 › selected topic is not silently overridden; matrix rank cases (652ms)
  ✓   4 [desktop] › tests/browser/app.spec.cjs:21:1 › K-map renders a raster-free native table, RK4 renders canvas (954ms)
  ✓   5 [desktop] › tests/browser/app.spec.cjs:28:1 › offline cold reload still solves without API or network (1.4s)
  ✓   6 [desktop] › tests/browser/app.spec.cjs:35:1 › history survives reload and can be cleared; no stored markup injection (974ms)
  ✓   7 [desktop] › tests/browser/app.spec.cjs:44:1 › catalog search, keyboard submit, JSON export (831ms)
  ✓   8 [desktop] › tests/browser/app.spec.cjs:50:1 › bounded input failure leaves engine available for next solve (662ms)
  ✓   9 [desktop] › tests/browser/app.spec.cjs:54:1 › all 55 C++ catalog examples solve in WebAssembly (428ms)
  ✓  10 [desktop] › tests/browser/boundaries.spec.cjs:2:1 › maximum-size supported matrix, ODE, polynomial and expression through the UI (1.8s)
  ✓  11 [desktop] › tests/browser/demo-bank-coverage.spec.cjs:3:1 › every manifest bank loads in the real worker, including digit-bearing RK4 (2.2s)
  ✓  12 [desktop] › tests/browser/demo-button-layout.spec.cjs:2:1 › demo action labels do not collapse into vertical strips near phone breakpoints (1.1s)
  ✓  13 [desktop] › tests/browser/lab-endurance.spec.cjs:3:1 › complete 5000-case UI run exports every comparison while yielding to the interface (3.1s)
  ✓  14 [desktop] › tests/browser/lab-endurance.spec.cjs:11:1 › maximum FFT uses bounded output rows and remains usable after a rejected request (3.2s)
  ✓  15 [desktop] › tests/browser/labs.spec.cjs:5:1 › guided matrix cells serialize and solve, with safe dimension changes (1.1s)
  ✓  16 [desktop] › tests/browser/labs.spec.cjs:10:1 › clickable K-map supports six variables, X cells, Gray panels and a checked solution (1.9s)
  ✓  17 [desktop] › tests/browser/labs.spec.cjs:17:1 › circuit drawing solves AC, restores undo and produces PNG download (1.5s)
  ✓  18 [desktop] › tests/browser/labs.spec.cjs:23:1 › signals operations run through the actual controls and reject invalid input (1.1s)
  ✓  19 [desktop] › tests/browser/labs.spec.cjs:29:1 › transition-table UI generates a state diagram, equations and 101 detector trace (837ms)
  ✓  20 [desktop] › tests/browser/labs.spec.cjs:33:1 › preloaded demos work offline, compare stored answers, calibrate, page and cancel (3.6s)
  ✓  21 [desktop] › tests/browser/labs.spec.cjs:39:1 › every C++ signals form solves its preset and rejects a missing numeric field (2.5s)
  ✓  22 [desktop] › tests/browser/labs.spec.cjs:44:1 › network study controls solve equivalents, superposition, sensitivity and sweeps (1.1s)
  ✓  23 [desktop] › tests/browser/labs.spec.cjs:50:1 › lab switching retains edited signal and circuit input (743ms)
  ✓  24 [desktop] › tests/browser/labs.spec.cjs:53:1 › guided values and keyboard K-map focus survive closing and reopening (868ms)
  ✓  25 [desktop] › tests/browser/labs.spec.cjs:57:1 › update drafts restore edited signal fields, circuit text and manual map state (1.1s)
  ✓  26 [desktop] › tests/browser/labs.spec.cjs:61:1 › new editors contain tables on narrow screens and keep labels separate (1.7s)
  ✓  27 [desktop] › tests/browser/labs.spec.cjs:65:1 › manual K-map exports replay the same groups and blank circuit coordinates are rejected (1.2s)
  ✓  28 [desktop] › tests/browser/natural-input.spec.cjs:2:1 › human question corrects a wrong type and preserves the original text (632ms)
  ✓  29 [desktop] › tests/browser/natural-input.spec.cjs:14:1 › manual mode stays explicit, then automatic interpretation can recover (659ms)
  ✓  30 [desktop] › tests/browser/natural-input.spec.cjs:20:1 › natural input works offline and ambiguity is visible without an invented answer (2.2s)
  ✓  31 [desktop] › tests/browser/offline-cdn-version.spec.cjs:5:1 › fresh installation bypasses stale CDN worker, manifest and demo cache keys (2.0s)
  ✓  32 [desktop] › tests/browser/offline-repair.spec.cjs:2:1 › readiness button repairs a missing cached solver before an offline revisit (2.3s)
  ✓  33 [desktop] › tests/browser/offline-repair.spec.cjs:11:1 › readiness retry registers again after an offline registration was removed (2.0s)
  ✓  34 [desktop] › tests/browser/offline-repair.spec.cjs:18:1 › explicit repair replaces corrupt cached content, not just missing files (1.5s)
  ✓  35 [desktop] › tests/browser/offline-repair.spec.cjs:24:1 › offline rasters are reconstructed exactly even when the CDN image URL changes bytes (2.0s)
  ✓  36 [desktop] › tests/browser/ui-stress.spec.cjs:10:1 › every catalog topic through actual dropdowns, example and solve buttons (9.5s)
  ✓  37 [desktop] › tests/browser/ui-stress.spec.cjs:24:1 › spacing and touch targets across phone, landscape, tablet and desktop views (2.6s)
  ✓  38 [desktop] › tests/browser/ui-stress.spec.cjs:61:1 › trajectory labels retain CSS size after phone resize and hidden-view navigation (980ms)
  ✓  39 [desktop] › tests/browser/ui-stress.spec.cjs:77:1 › copy, save, print, identify, empty input, navigation and install feedback (2.8s)
  ✓  40 [desktop] › tests/browser/ui-stress.spec.cjs:100:1 › UI endurance with independent expected answers, failures, offline reload and bounded history (4.2s)
(node:121456) Warning: The 'NO_COLOR' env is ignored due to the 'FORCE_COLOR' env being set.
(Use `node --trace-warnings ...` to show where the warning was created)
  ✓  41 [android-layout] › tests/browser/android-demo-transport.spec.cjs:3:1 › Android strategy transfers bytes and batches comparisons when worker fetch is unavailable (3.6s)
  ✓  42 [android-layout] › tests/browser/app.spec.cjs:4:1 › local C++ calculation and accessible responsive layout (961ms)
  ✓  43 [android-layout] › tests/browser/app.spec.cjs:14:1 › selected topic is not silently overridden; matrix rank cases (780ms)
  ✓  44 [android-layout] › tests/browser/app.spec.cjs:21:1 › K-map renders a raster-free native table, RK4 renders canvas (816ms)
  ✓  45 [android-layout] › tests/browser/app.spec.cjs:28:1 › offline cold reload still solves without API or network (2.1s)
  ✓  46 [android-layout] › tests/browser/app.spec.cjs:35:1 › history survives reload and can be cleared; no stored markup injection (1.2s)
  ✓  47 [android-layout] › tests/browser/app.spec.cjs:44:1 › catalog search, keyboard submit, JSON export (625ms)
  ✓  48 [android-layout] › tests/browser/app.spec.cjs:50:1 › bounded input failure leaves engine available for next solve (659ms)
  ✓  49 [android-layout] › tests/browser/app.spec.cjs:54:1 › all 55 C++ catalog examples solve in WebAssembly (469ms)
  ✓  50 [android-layout] › tests/browser/boundaries.spec.cjs:2:1 › maximum-size supported matrix, ODE, polynomial and expression through the UI (1.7s)
  ✓  51 [android-layout] › tests/browser/demo-bank-coverage.spec.cjs:3:1 › every manifest bank loads in the real worker, including digit-bearing RK4 (2.4s)
  ✓  52 [android-layout] › tests/browser/demo-button-layout.spec.cjs:2:1 › demo action labels do not collapse into vertical strips near phone breakpoints (1.1s)
  ✓  53 [android-layout] › tests/browser/lab-endurance.spec.cjs:3:1 › complete 5000-case UI run exports every comparison while yielding to the interface (3.0s)
  ✓  54 [android-layout] › tests/browser/lab-endurance.spec.cjs:11:1 › maximum FFT uses bounded output rows and remains usable after a rejected request (2.2s)
  ✓  55 [android-layout] › tests/browser/labs.spec.cjs:5:1 › guided matrix cells serialize and solve, with safe dimension changes (558ms)
  ✓  56 [android-layout] › tests/browser/labs.spec.cjs:10:1 › clickable K-map supports six variables, X cells, Gray panels and a checked solution (1.2s)
  ✓  57 [android-layout] › tests/browser/labs.spec.cjs:17:1 › circuit drawing solves AC, restores undo and produces PNG download (1.3s)
  ✓  58 [android-layout] › tests/browser/labs.spec.cjs:23:1 › signals operations run through the actual controls and reject invalid input (796ms)
  ✓  59 [android-layout] › tests/browser/labs.spec.cjs:29:1 › transition-table UI generates a state diagram, equations and 101 detector trace (516ms)
  ✓  60 [android-layout] › tests/browser/labs.spec.cjs:33:1 › preloaded demos work offline, compare stored answers, calibrate, page and cancel (1.9s)
  ✓  61 [android-layout] › tests/browser/labs.spec.cjs:39:1 › every C++ signals form solves its preset and rejects a missing numeric field (2.3s)
  ✓  62 [android-layout] › tests/browser/labs.spec.cjs:44:1 › network study controls solve equivalents, superposition, sensitivity and sweeps (1.0s)
  ✓  63 [android-layout] › tests/browser/labs.spec.cjs:50:1 › lab switching retains edited signal and circuit input (662ms)
  ✓  64 [android-layout] › tests/browser/labs.spec.cjs:53:1 › guided values and keyboard K-map focus survive closing and reopening (793ms)
  ✓  65 [android-layout] › tests/browser/labs.spec.cjs:57:1 › update drafts restore edited signal fields, circuit text and manual map state (1.0s)
  ✓  66 [android-layout] › tests/browser/labs.spec.cjs:61:1 › new editors contain tables on narrow screens and keep labels separate (933ms)
  ✓  67 [android-layout] › tests/browser/labs.spec.cjs:65:1 › manual K-map exports replay the same groups and blank circuit coordinates are rejected (1.1s)
  ✓  68 [android-layout] › tests/browser/natural-input.spec.cjs:2:1 › human question corrects a wrong type and preserves the original text (648ms)
  ✓  69 [android-layout] › tests/browser/natural-input.spec.cjs:14:1 › manual mode stays explicit, then automatic interpretation can recover (655ms)
  ✓  70 [android-layout] › tests/browser/natural-input.spec.cjs:20:1 › natural input works offline and ambiguity is visible without an invented answer (1.7s)
  ✓  71 [android-layout] › tests/browser/offline-cdn-version.spec.cjs:5:1 › fresh installation bypasses stale CDN worker, manifest and demo cache keys (2.2s)
  ✓  72 [android-layout] › tests/browser/offline-repair.spec.cjs:2:1 › readiness button repairs a missing cached solver before an offline revisit (1.6s)
  ✓  73 [android-layout] › tests/browser/offline-repair.spec.cjs:11:1 › readiness retry registers again after an offline registration was removed (1.4s)
  ✓  74 [android-layout] › tests/browser/offline-repair.spec.cjs:18:1 › explicit repair replaces corrupt cached content, not just missing files (2.0s)
  ✓  75 [android-layout] › tests/browser/offline-repair.spec.cjs:24:1 › offline rasters are reconstructed exactly even when the CDN image URL changes bytes (1.2s)
  ✓  76 [android-layout] › tests/browser/ui-stress.spec.cjs:10:1 › every catalog topic through actual dropdowns, example and solve buttons (12.6s)
  ✓  77 [android-layout] › tests/browser/ui-stress.spec.cjs:24:1 › spacing and touch targets across phone, landscape, tablet and desktop views (2.0s)
  ✓  78 [android-layout] › tests/browser/ui-stress.spec.cjs:61:1 › trajectory labels retain CSS size after phone resize and hidden-view navigation (1.2s)
  ✓  79 [android-layout] › tests/browser/ui-stress.spec.cjs:77:1 › copy, save, print, identify, empty input, navigation and install feedback (1.9s)
  ✓  80 [android-layout] › tests/browser/ui-stress.spec.cjs:100:1 › UI endurance with independent expected answers, failures, offline reload and bounded history (6.9s)

  80 passed (2.5m)
