
Running 68 tests using 1 worker

(node:69143) Warning: The 'NO_COLOR' env is ignored due to the 'FORCE_COLOR' env being set.
(Use `node --trace-warnings ...` to show where the warning was created)
  ✓   1 [desktop] › tests/browser/app.spec.cjs:4:1 › local C++ calculation and accessible responsive layout (783ms)
  ✓   2 [desktop] › tests/browser/app.spec.cjs:14:1 › selected topic is not silently overridden; matrix rank cases (545ms)
  ✓   3 [desktop] › tests/browser/app.spec.cjs:21:1 › K-map renders a raster-free native table, RK4 renders canvas (627ms)
  ✓   4 [desktop] › tests/browser/app.spec.cjs:28:1 › offline cold reload still solves without API or network (1.3s)
  ✓   5 [desktop] › tests/browser/app.spec.cjs:35:1 › history survives reload and can be cleared; no stored markup injection (938ms)
  ✓   6 [desktop] › tests/browser/app.spec.cjs:44:1 › catalog search, keyboard submit, JSON export (487ms)
  ✓   7 [desktop] › tests/browser/app.spec.cjs:50:1 › bounded input failure leaves engine available for next solve (550ms)
  ✓   8 [desktop] › tests/browser/app.spec.cjs:54:1 › all 55 C++ catalog examples solve in WebAssembly (357ms)
  ✓   9 [desktop] › tests/browser/boundaries.spec.cjs:2:1 › maximum-size supported matrix, ODE, polynomial and expression through the UI (1.5s)
  ✓  10 [desktop] › tests/browser/lab-endurance.spec.cjs:3:1 › complete 5000-case UI run exports every comparison while yielding to the interface (2.0s)
  ✓  11 [desktop] › tests/browser/lab-endurance.spec.cjs:11:1 › maximum FFT uses bounded output rows and remains usable after a rejected request (1.9s)
  ✓  12 [desktop] › tests/browser/labs.spec.cjs:5:1 › guided matrix cells serialize and solve, with safe dimension changes (620ms)
  ✓  13 [desktop] › tests/browser/labs.spec.cjs:10:1 › clickable K-map supports six variables, X cells, Gray panels and a checked solution (1.6s)
  ✓  14 [desktop] › tests/browser/labs.spec.cjs:17:1 › circuit drawing solves AC, restores undo and produces PNG download (954ms)
  ✓  15 [desktop] › tests/browser/labs.spec.cjs:23:1 › signals operations run through the actual controls and reject invalid input (945ms)
  ✓  16 [desktop] › tests/browser/labs.spec.cjs:29:1 › transition-table UI generates a state diagram, equations and 101 detector trace (505ms)
  ✓  17 [desktop] › tests/browser/labs.spec.cjs:33:1 › preloaded demos work offline, compare stored answers, calibrate, page and cancel (1.7s)
  ✓  18 [desktop] › tests/browser/labs.spec.cjs:39:1 › every C++ signals form solves its preset and rejects a missing numeric field (2.3s)
  ✓  19 [desktop] › tests/browser/labs.spec.cjs:44:1 › network study controls solve equivalents, superposition, sensitivity and sweeps (807ms)
  ✓  20 [desktop] › tests/browser/labs.spec.cjs:50:1 › lab switching retains edited signal and circuit input (657ms)
  ✓  21 [desktop] › tests/browser/labs.spec.cjs:53:1 › guided values and keyboard K-map focus survive closing and reopening (745ms)
  ✓  22 [desktop] › tests/browser/labs.spec.cjs:57:1 › update drafts restore edited signal fields, circuit text and manual map state (952ms)
  ✓  23 [desktop] › tests/browser/labs.spec.cjs:61:1 › new editors contain tables on narrow screens and keep labels separate (1.3s)
  ✓  24 [desktop] › tests/browser/natural-input.spec.cjs:2:1 › human question corrects a wrong type and preserves the original text (515ms)
  ✓  25 [desktop] › tests/browser/natural-input.spec.cjs:14:1 › manual mode stays explicit, then automatic interpretation can recover (475ms)
  ✓  26 [desktop] › tests/browser/natural-input.spec.cjs:20:1 › natural input works offline and ambiguity is visible without an invented answer (1.4s)
  ✓  27 [desktop] › tests/browser/offline-repair.spec.cjs:2:1 › readiness button repairs a missing cached solver before an offline revisit (3.4s)
  ✓  28 [desktop] › tests/browser/offline-repair.spec.cjs:11:1 › readiness retry registers again after an offline registration was removed (1.3s)
  ✓  29 [desktop] › tests/browser/offline-repair.spec.cjs:18:1 › explicit repair replaces corrupt cached content, not just missing files (1.3s)
  ✓  30 [desktop] › tests/browser/ui-stress.spec.cjs:10:1 › every catalog topic through actual dropdowns, example and solve buttons (7.3s)
  ✓  31 [desktop] › tests/browser/ui-stress.spec.cjs:24:1 › spacing and touch targets across phone, landscape, tablet and desktop views (1.9s)
  ✓  32 [desktop] › tests/browser/ui-stress.spec.cjs:61:1 › trajectory labels retain CSS size after phone resize and hidden-view navigation (810ms)
  ✓  33 [desktop] › tests/browser/ui-stress.spec.cjs:77:1 › copy, save, print, identify, empty input, navigation and install feedback (2.7s)
  ✓  34 [desktop] › tests/browser/ui-stress.spec.cjs:100:1 › UI endurance with independent expected answers, failures, offline reload and bounded history (3.0s)
(node:70713) Warning: The 'NO_COLOR' env is ignored due to the 'FORCE_COLOR' env being set.
(Use `node --trace-warnings ...` to show where the warning was created)
  ✓  35 [android-layout] › tests/browser/app.spec.cjs:4:1 › local C++ calculation and accessible responsive layout (688ms)
  ✓  36 [android-layout] › tests/browser/app.spec.cjs:14:1 › selected topic is not silently overridden; matrix rank cases (555ms)
  ✓  37 [android-layout] › tests/browser/app.spec.cjs:21:1 › K-map renders a raster-free native table, RK4 renders canvas (594ms)
  ✓  38 [android-layout] › tests/browser/app.spec.cjs:28:1 › offline cold reload still solves without API or network (1.3s)
  ✓  39 [android-layout] › tests/browser/app.spec.cjs:35:1 › history survives reload and can be cleared; no stored markup injection (798ms)
  ✓  40 [android-layout] › tests/browser/app.spec.cjs:44:1 › catalog search, keyboard submit, JSON export (443ms)
  ✓  41 [android-layout] › tests/browser/app.spec.cjs:50:1 › bounded input failure leaves engine available for next solve (553ms)
  ✓  42 [android-layout] › tests/browser/app.spec.cjs:54:1 › all 55 C++ catalog examples solve in WebAssembly (333ms)
  ✓  43 [android-layout] › tests/browser/boundaries.spec.cjs:2:1 › maximum-size supported matrix, ODE, polynomial and expression through the UI (1.6s)
  ✓  44 [android-layout] › tests/browser/lab-endurance.spec.cjs:3:1 › complete 5000-case UI run exports every comparison while yielding to the interface (1.8s)
  ✓  45 [android-layout] › tests/browser/lab-endurance.spec.cjs:11:1 › maximum FFT uses bounded output rows and remains usable after a rejected request (1.5s)
  ✓  46 [android-layout] › tests/browser/labs.spec.cjs:5:1 › guided matrix cells serialize and solve, with safe dimension changes (509ms)
  ✓  47 [android-layout] › tests/browser/labs.spec.cjs:10:1 › clickable K-map supports six variables, X cells, Gray panels and a checked solution (1.0s)
  ✓  48 [android-layout] › tests/browser/labs.spec.cjs:17:1 › circuit drawing solves AC, restores undo and produces PNG download (1.1s)
  ✓  49 [android-layout] › tests/browser/labs.spec.cjs:23:1 › signals operations run through the actual controls and reject invalid input (715ms)
  ✓  50 [android-layout] › tests/browser/labs.spec.cjs:29:1 › transition-table UI generates a state diagram, equations and 101 detector trace (439ms)
  ✓  51 [android-layout] › tests/browser/labs.spec.cjs:33:1 › preloaded demos work offline, compare stored answers, calibrate, page and cancel (2.2s)
  ✓  52 [android-layout] › tests/browser/labs.spec.cjs:39:1 › every C++ signals form solves its preset and rejects a missing numeric field (3.4s)
  ✓  53 [android-layout] › tests/browser/labs.spec.cjs:44:1 › network study controls solve equivalents, superposition, sensitivity and sweeps (802ms)
  ✓  54 [android-layout] › tests/browser/labs.spec.cjs:50:1 › lab switching retains edited signal and circuit input (527ms)
  ✓  55 [android-layout] › tests/browser/labs.spec.cjs:53:1 › guided values and keyboard K-map focus survive closing and reopening (657ms)
  ✓  56 [android-layout] › tests/browser/labs.spec.cjs:57:1 › update drafts restore edited signal fields, circuit text and manual map state (870ms)
  ✓  57 [android-layout] › tests/browser/labs.spec.cjs:61:1 › new editors contain tables on narrow screens and keep labels separate (752ms)
  ✓  58 [android-layout] › tests/browser/natural-input.spec.cjs:2:1 › human question corrects a wrong type and preserves the original text (506ms)
  ✓  59 [android-layout] › tests/browser/natural-input.spec.cjs:14:1 › manual mode stays explicit, then automatic interpretation can recover (458ms)
  ✓  60 [android-layout] › tests/browser/natural-input.spec.cjs:20:1 › natural input works offline and ambiguity is visible without an invented answer (1.6s)
  ✓  61 [android-layout] › tests/browser/offline-repair.spec.cjs:2:1 › readiness button repairs a missing cached solver before an offline revisit (3.2s)
  ✓  62 [android-layout] › tests/browser/offline-repair.spec.cjs:11:1 › readiness retry registers again after an offline registration was removed (1.3s)
  ✓  63 [android-layout] › tests/browser/offline-repair.spec.cjs:18:1 › explicit repair replaces corrupt cached content, not just missing files (1.4s)
  ✓  64 [android-layout] › tests/browser/ui-stress.spec.cjs:10:1 › every catalog topic through actual dropdowns, example and solve buttons (12.7s)
  ✓  65 [android-layout] › tests/browser/ui-stress.spec.cjs:24:1 › spacing and touch targets across phone, landscape, tablet and desktop views (1.5s)
  ✓  66 [android-layout] › tests/browser/ui-stress.spec.cjs:61:1 › trajectory labels retain CSS size after phone resize and hidden-view navigation (810ms)
  ✓  67 [android-layout] › tests/browser/ui-stress.spec.cjs:77:1 › copy, save, print, identify, empty input, navigation and install feedback (1.5s)
  ✓  68 [android-layout] › tests/browser/ui-stress.spec.cjs:100:1 › UI endurance with independent expected answers, failures, offline reload and bounded history (5.4s)

  68 passed (1.8m)
