
Running 2 tests using 1 worker

(node:31323) Warning: The 'NO_COLOR' env is ignored due to the 'FORCE_COLOR' env being set.
(Use `node --trace-warnings ...` to show where the warning was created)
  ✘  1 [desktop] › tests/browser/offline-repair.spec.cjs:2:1 › readiness button repairs a missing cached solver before an offline revisit (35.0s)
(node:31669) Warning: The 'NO_COLOR' env is ignored due to the 'FORCE_COLOR' env being set.
(Use `node --trace-warnings ...` to show where the warning was created)
  ✘  2 [desktop] › tests/browser/offline-repair.spec.cjs:11:1 › readiness retry registers again after an offline registration was removed (34.9s)


  1) [desktop] › tests/browser/offline-repair.spec.cjs:2:1 › readiness button repairs a missing cached solver before an offline revisit 

    Error: expect(received).toBe(expected) // Object.is equality

    Expected: true
    Received: false

    Call Log:
    - Timeout 35000ms exceeded while waiting on the predicate

      4 |   await page.evaluate(async()=>{for(const key of await caches.keys())if(key.startsWith('pocket-engineer-'))await (await caches.open(key)).delete(new URL('engine.wasm',location.href).href);});
      5 |   await page.locator('.nav[data-view="downloads"]').click();await page.locator('#retry-cache').click();
    > 6 |   await expect.poll(()=>page.evaluate(async()=>{for(const key of await caches.keys())if(key.startsWith('pocket-engineer-')&&await (await caches.open(key)).match(new URL('engine.wasm',location.href)))return true;return false;}),{timeout:35000}).toBe(true);
        |                                                                                                                                                                                                                                                     ^
      7 |   await expect(page.locator('#cache-status')).toContainText('Ready offline');
      8 |   await context.setOffline(true);await page.goto('./');await expect(page.locator('#solve')).toBeEnabled();
      9 |   await page.locator('#input').fill('twenty five plus seven');await page.locator('#solve').click();await expect(page.locator('#answer')).toHaveText('32');
        at /home/zaruka/PocketEngineer/tests/browser/offline-repair.spec.cjs:6:245

    Error Context: test-results/offline-repair-readiness-b-d4980-r-before-an-offline-revisit-desktop/error-context.md

    attachment #2: trace (application/zip) ─────────────────────────────────────────────────────────
    test-results/offline-repair-readiness-b-d4980-r-before-an-offline-revisit-desktop/trace.zip
    Usage:

        npx playwright show-trace test-results/offline-repair-readiness-b-d4980-r-before-an-offline-revisit-desktop/trace.zip

    ────────────────────────────────────────────────────────────────────────────────────────────────

  2) [desktop] › tests/browser/offline-repair.spec.cjs:11:1 › readiness retry registers again after an offline registration was removed 

    Error: expect(received).toBe(expected) // Object.is equality

    Expected: true
    Received: false

    Call Log:
    - Timeout 35000ms exceeded while waiting on the predicate

      13 |   await page.evaluate(async()=>{for(const r of await navigator.serviceWorker.getRegistrations())await r.unregister();});
      14 |   await page.locator('.nav[data-view="downloads"]').click();await page.locator('#retry-cache').click();
    > 15 |   await expect.poll(()=>page.evaluate(async()=>Boolean((await navigator.serviceWorker.getRegistration())?.active)),{timeout:35000}).toBe(true);
         |                                                                                                                                     ^
      16 |   await expect(page.locator('#cache-status')).toContainText('Ready offline');
      17 | });
      18 |
        at /home/zaruka/PocketEngineer/tests/browser/offline-repair.spec.cjs:15:133

    Error Context: test-results/offline-repair-readiness-r-c541a-ne-registration-was-removed-desktop/error-context.md

    attachment #2: trace (application/zip) ─────────────────────────────────────────────────────────
    test-results/offline-repair-readiness-r-c541a-ne-registration-was-removed-desktop/trace.zip
    Usage:

        npx playwright show-trace test-results/offline-repair-readiness-r-c541a-ne-registration-was-removed-desktop/trace.zip

    ────────────────────────────────────────────────────────────────────────────────────────────────

  2 failed
    [desktop] › tests/browser/offline-repair.spec.cjs:2:1 › readiness button repairs a missing cached solver before an offline revisit 
    [desktop] › tests/browser/offline-repair.spec.cjs:11:1 › readiness retry registers again after an offline registration was removed 
